Godot Engine v4.5.1.stable.official.f62fdbde1 - https://godotengine.org

Game data loaded successfully.
[WaveSystemManager] Wave config loaded successfully
[AILogger] AI 日志系统已初始化
[38;2;46;204;113m[事件] 游戏信号已连接[39m[0m
[ScreenshotManager] Headless mode detected, disabling screenshot automation.

--- Starting Damage Lifecycle Test ---

[Test] Testing Iron Turtle Reduction...
[IronTurtle Debug] Original: 50.0, Reduced: 35.0 (DR: 15)
[IronTurtle Debug] Original: 50.0, Reduced: 25.0 (DR: 25)
[Test] Testing Hedgehog Reflection...
[Narrative] 【敌方阵亡】敌人  被消灭了。
[Hedgehog Debug] Reflected 20.0 damage to MockEnemy
[Test] Testing Firefly Blind & Miss...
[Firefly Debug] Applied blind to BlindedEnemy for 2.5 s
[Test] Enemy blind_timer: 2.5
[@Node2D@14 Debug] Miss! (Source: BlindedEnemy)
[@Node2D@14 Debug] Miss! (Source: BlindedEnemy)
[IronTurtle Debug] Original: 10.0, Reduced: 0.0 (DR: 15)
[IronTurtle Debug] Original: 10.0, Reduced: 0.0 (DR: 15)
[@Node2D@14 Debug] Miss! (Source: BlindedEnemy)
[IronTurtle Debug] Original: 10.0, Reduced: 0.0 (DR: 15)
[@Node2D@14 Debug] Miss! (Source: BlindedEnemy)
[IronTurtle Debug] Original: 10.0, Reduced: 0.0 (DR: 15)
[@Node2D@14 Debug] Miss! (Source: BlindedEnemy)
[IronTurtle Debug] Original: 10.0, Reduced: 0.0 (DR: 15)

--- Damage Lifecycle Test Finished ---

[38;2;46;204;113m[事件] AIEventsTracker: 战斗机制信号已连接[39m[0m
[38;2;243;156;18m[动作] ActionDispatcher已连接到 AIManager[39m[0m
[38;2;52;152;219m[连接] 服务器已停止[39m[0m
WARNING: ObjectDB instances leaked at exit (run with --verbose for details).
     at: cleanup (core/object/object.cpp:2514)
